// Vitest Snapshot v1, https://vitest.dev/guide/snapshot.html

exports[`TwitterIcon > snapshot test 1`] = `
<DocumentFragment>
  <div
    center=""
    class="icon"
    no-repeat=""
    style="background: url("
    twitter-icon.png=""
  />
</DocumentFragment>
`;
