// Vitest Snapshot v1, https://vitest.dev/guide/snapshot.html

exports[`TweetTextarea > snapshot test 1`] = `
<DocumentFragment>
  <div
    class="tweet "
  >
    <blockquote
      class="blockquote"
    />
  </div>
</DocumentFragment>
`;
