// Vitest Snapshot v1, https://vitest.dev/guide/snapshot.html

exports[`Talk > snapshot test 1`] = `
<DocumentFragment>
  <div
    class="grid "
  />
</DocumentFragment>
`;
