// Jest Snapshot v1, https://goo.gl/fbAQLP

exports[`TwitterIcon snapshot test 1`] = `
<DocumentFragment>
  <div
    class="icon"
    style="background: url(/twitter-icon.png) no-repeat; background-position: center;"
  />
</DocumentFragment>
`;
