// Vitest Snapshot v1, https://vitest.dev/guide/snapshot.html

exports[`Details > snapshot test 1`] = `
<DocumentFragment>
  <details
    class="details "
  >
    <summary>
      test
    </summary>
    <div>
      Lorem ipsum dolor sit amet, consectetur adipiscing elit, sed do eiusmod tempor incididunt ut labore et dolore magna aliqua.Ut enim ad minim veniam, quis nostrud exercitation ullamco laboris nisi ut aliquip ex ea commodo consequat.Duis aute irure dolor in reprehenderit in voluptate velit esse cillum dolore eu fugiat nulla pariatur.Excepteur sint occaecat cupidatat non proident, sunt in culpa qui officia deserunt mollit anim id est laborum.
    </div>
  </details>
</DocumentFragment>
`;
