// Jest Snapshot v1, https://goo.gl/fbAQLP

exports[`Talk snapshot test 1`] = `
<DocumentFragment>
  <div
    class="grid "
  />
</DocumentFragment>
`;
